// Vitest Snapshot v1, https://vitest.dev/guide/snapshot.html

exports[`Reviews Page > matches snapshot 1`] = `
<div>
  <div
    class="page page-reviews"
  >
    <section
      class="reviews-hero"
    >
      <div
        class="reviews-hero-container"
      >
        <h1>
          Customer Reviews
        </h1>
        <p
          class="reviews-tagline"
        >
          See what our satisfied customers have to say
        </p>
      </div>
    </section>
    <section
      class="reviews-section"
    >
      <div
        class="reviews-container"
      >
        <h2>
          What Our Customers Say
        </h2>
        <div
          class="reviews-grid"
        >
          <article
            class="testimonial-card"
          >
            <div
              class="testimonial-header"
            >
              <div
                class="author-info"
              >
                <div
                  class="author-avatar"
                >
                  S
                </div>
                <div
                  class="author-details"
                >
                  <p
                    class="testimonial-author"
                  >
                    Sarah M.
                  </p>
                  <p
                    class="testimonial-time"
                  >
                    3 months
                     ago
                  </p>
                </div>
              </div>
              <img
                alt="Google"
                class="google-logo"
                src="data:image/svg+xml,%3Csvg xmlns='http://www.w3.org/2000/svg' viewBox='0 0 24 24'%3E%3Ctext x='2' y='20' font-size='20' fill='%234285F4'%3EG%3C/text%3E%3C/svg%3E"
              />
            </div>
            <div
              class="star-rating"
            >
              <span
                class="star filled"
              >
                ★
              </span>
              <span
                class="star filled"
              >
                ★
              </span>
              <span
                class="star filled"
              >
                ★
              </span>
              <span
                class="star filled"
              >
                ★
              </span>
              <span
                class="star filled"
              >
                ★
              </span>
            </div>
            <blockquote
              class="testimonial-quote"
            >
              FixAll came out on short notice and fixed our plumbing issue immediately. Great service and very professional!
            </blockquote>
            <p
              class="testimonial-service"
            >
              Plumbing Services
            </p>
          </article>
          <article
            class="testimonial-card"
          >
            <div
              class="testimonial-header"
            >
              <div
                class="author-info"
              >
                <div
                  class="author-avatar"
                >
                  J
                </div>
                <div
                  class="author-details"
                >
                  <p
                    class="testimonial-author"
                  >
                    James K.
                  </p>
                  <p
                    class="testimonial-time"
                  >
                    2 months
                     ago
                  </p>
                </div>
              </div>
              <img
                alt="Google"
                class="google-logo"
                src="data:image/svg+xml,%3Csvg xmlns='http://www.w3.org/2000/svg' viewBox='0 0 24 24'%3E%3Ctext x='2' y='20' font-size='20' fill='%234285F4'%3EG%3C/text%3E%3C/svg%3E"
              />
            </div>
            <div
              class="star-rating"
            >
              <span
                class="star filled"
              >
                ★
              </span>
              <span
                class="star filled"
              >
                ★
              </span>
              <span
                class="star filled"
              >
                ★
              </span>
              <span
                class="star filled"
              >
                ★
              </span>
              <span
                class="star filled"
              >
                ★
              </span>
            </div>
            <blockquote
              class="testimonial-quote"
            >
              Highly professional electrical work. They explained everything clearly, answered all my questions, and cleaned up after themselves.
            </blockquote>
            <p
              class="testimonial-service"
            >
              Electrical Services
            </p>
          </article>
          <article
            class="testimonial-card"
          >
            <div
              class="testimonial-header"
            >
              <div
                class="author-info"
              >
                <div
                  class="author-avatar"
                >
                  M
                </div>
                <div
                  class="author-details"
                >
                  <p
                    class="testimonial-author"
                  >
                    Maria L.
                  </p>
                  <p
                    class="testimonial-time"
                  >
                    1 month
                     ago
                  </p>
                </div>
              </div>
              <img
                alt="Google"
                class="google-logo"
                src="data:image/svg+xml,%3Csvg xmlns='http://www.w3.org/2000/svg' viewBox='0 0 24 24'%3E%3Ctext x='2' y='20' font-size='20' fill='%234285F4'%3EG%3C/text%3E%3C/svg%3E"
              />
            </div>
            <div
              class="star-rating"
            >
              <span
                class="star filled"
              >
                ★
              </span>
              <span
                class="star filled"
              >
                ★
              </span>
              <span
                class="star filled"
              >
                ★
              </span>
              <span
                class="star filled"
              >
                ★
              </span>
              <span
                class="star filled"
              >
                ★
              </span>
            </div>
            <blockquote
              class="testimonial-quote"
            >
              Best handyman service we've found. Reliable, courteous, affordable, and they get the job done right the first time.
            </blockquote>
            <p
              class="testimonial-service"
            >
              Handyman Services
            </p>
          </article>
          <article
            class="testimonial-card"
          >
            <div
              class="testimonial-header"
            >
              <div
                class="author-info"
              >
                <div
                  class="author-avatar"
                >
                  R
                </div>
                <div
                  class="author-details"
                >
                  <p
                    class="testimonial-author"
                  >
                    Robert T.
                  </p>
                  <p
                    class="testimonial-time"
                  >
                    2 weeks
                     ago
                  </p>
                </div>
              </div>
              <img
                alt="Google"
                class="google-logo"
                src="data:image/svg+xml,%3Csvg xmlns='http://www.w3.org/2000/svg' viewBox='0 0 24 24'%3E%3Ctext x='2' y='20' font-size='20' fill='%234285F4'%3EG%3C/text%3E%3C/svg%3E"
              />
            </div>
            <div
              class="star-rating"
            >
              <span
                class="star filled"
              >
                ★
              </span>
              <span
                class="star filled"
              >
                ★
              </span>
              <span
                class="star filled"
              >
                ★
              </span>
              <span
                class="star filled"
              >
                ★
              </span>
              <span
                class="star filled"
              >
                ★
              </span>
            </div>
            <blockquote
              class="testimonial-quote"
            >
              We've used FixAll multiple times for different projects. They're always punctual, professional, and deliver excellent results.
            </blockquote>
            <p
              class="testimonial-service"
            >
              Multiple Services
            </p>
          </article>
        </div>
      </div>
    </section>
  </div>
</div>
`;
