// Vitest Snapshot v1, https://vitest.dev/guide/snapshot.html

exports[`Services Page > matches snapshot 1`] = `
<div>
  <div
    class="page page-services"
  >
    <section
      class="services-hero"
    >
      <div
        class="services-hero-container"
      >
        <h1>
          Our Services
        </h1>
        <p>
          Professional home repair and maintenance services
        </p>
      </div>
    </section>
    <section
      class="service-section service-section--alt"
    >
      <div
        class="service-section-container"
      >
        <h2>
          🔧 Plumbing Services
        </h2>
        <div
          class="service-cards-grid"
        >
          <article
            class="service-card"
          >
            <div
              class="service-card-image"
            >
              <img
                alt="Plumbing Services"
                src="/src/pictures/plumbing-services.png"
              />
              <div
                class="service-card-icon"
              >
                💧
              </div>
            </div>
            <div
              class="service-card-content"
            >
              <h3
                class="service-card-title"
              >
                Plumbing Services
              </h3>
              <p
                class="service-card-description"
              >
                From leaky faucets to pipe installations, I handle all your plumbing needs with precision and care. Emergency repairs available.
              </p>
              <div
                class="service-card-tags"
              >
                <span
                  class="service-tag"
                >
                  Main Line Maintenance
                </span>
                <span
                  class="service-tag"
                >
                  Leak Repairs
                </span>
                <span
                  class="service-tag"
                >
                  Fixture Installation
                </span>
                <span
                  class="service-tag"
                >
                  Pipe Work
                </span>
              </div>
            </div>
          </article>
          <article
            class="service-card"
          >
            <div
              class="service-card-image"
            >
              <img
                alt="Leak Repair"
                src="/src/pictures/leak-repair.png"
              />
              <div
                class="service-card-icon"
              >
                💧
              </div>
            </div>
            <div
              class="service-card-content"
            >
              <h3
                class="service-card-title"
              >
                Leak Repair
              </h3>
              <p
                class="service-card-description"
              >
                Fast diagnosis and repair of water leaks in pipes, fixtures, and joints.
              </p>
              <div
                class="service-card-tags"
              >
                <span
                  class="service-tag"
                >
                  Leak Repairs
                </span>
                <span
                  class="service-tag"
                >
                  Pipe Work
                </span>
              </div>
            </div>
          </article>
          <article
            class="service-card"
          >
            <div
              class="service-card-image"
            >
              <img
                alt="Fixture Installation"
                src="/src/pictures/Fixture_instalation.png"
              />
              <div
                class="service-card-icon"
              >
                💧
              </div>
            </div>
            <div
              class="service-card-content"
            >
              <h3
                class="service-card-title"
              >
                Fixture Installation
              </h3>
              <p
                class="service-card-description"
              >
                Expert installation of sinks, faucets, toilets, and other fixtures with professional care.
              </p>
              <div
                class="service-card-tags"
              >
                <span
                  class="service-tag"
                >
                  Fixture Installation
                </span>
                <span
                  class="service-tag"
                >
                  Pipe Work
                </span>
              </div>
            </div>
          </article>
        </div>
      </div>
    </section>
    <section
      class="service-section service-section--alt"
    >
      <div
        class="service-section-container"
      >
        <h2>
          ⚡ Electrical Services
        </h2>
        <div
          class="service-cards-grid"
        >
          <article
            class="service-card"
          >
            <div
              class="service-card-image"
            >
              <img
                alt="Electrical Services"
                src="/src/pictures/Electrical-services.png"
              />
              <div
                class="service-card-icon"
              >
                ⚡
              </div>
            </div>
            <div
              class="service-card-content"
            >
              <h3
                class="service-card-title"
              >
                Electrical Services
              </h3>
              <p
                class="service-card-description"
              >
                Expert electrical work for all your home needs. From installations to repairs, I provide safe, code-compliant solutions.
              </p>
              <div
                class="service-card-tags"
              >
                <span
                  class="service-tag"
                >
                  Circuit Installation
                </span>
                <span
                  class="service-tag"
                >
                  Outlet & Switch Repair
                </span>
                <span
                  class="service-tag"
                >
                  Lighting Solutions
                </span>
              </div>
            </div>
          </article>
          <article
            class="service-card"
          >
            <div
              class="service-card-image"
            >
              <img
                alt="Outlet & Switch Repair"
                src="/src/pictures/Outlet-Switch-Repair.png"
              />
              <div
                class="service-card-icon"
              >
                ⚡
              </div>
            </div>
            <div
              class="service-card-content"
            >
              <h3
                class="service-card-title"
              >
                Outlet & Switch Repair
              </h3>
              <p
                class="service-card-description"
              >
                Safe repair and replacement of faulty outlets, switches, and breakers with professional expertise.
              </p>
              <div
                class="service-card-tags"
              >
                <span
                  class="service-tag"
                >
                  Outlet & Switch Repair
                </span>
                <span
                  class="service-tag"
                >
                  Circuit Installation
                </span>
              </div>
            </div>
          </article>
          <article
            class="service-card"
          >
            <div
              class="service-card-image"
            >
              <img
                alt="Lighting Solutions"
                src="/src/pictures/Lighting-solutions.png"
              />
              <div
                class="service-card-icon"
              >
                ⚡
              </div>
            </div>
            <div
              class="service-card-content"
            >
              <h3
                class="service-card-title"
              >
                Lighting Solutions
              </h3>
              <p
                class="service-card-description"
              >
                Installation and repair of interior and exterior lighting systems to brighten your home.
              </p>
              <div
                class="service-card-tags"
              >
                <span
                  class="service-tag"
                >
                  Lighting Solutions
                </span>
                <span
                  class="service-tag"
                >
                  Installation
                </span>
              </div>
            </div>
          </article>
        </div>
      </div>
    </section>
    <section
      class="service-section service-section--alt"
    >
      <div
        class="service-section-container"
      >
        <h2>
          🔨 Handyman Services
        </h2>
        <div
          class="service-cards-grid"
        >
          <article
            class="service-card"
          >
            <div
              class="service-card-image"
            >
              <img
                alt="Interior & Exterior Painting"
                src="/src/pictures/Interior-Exterior-Painting.png"
              />
              <div
                class="service-card-icon"
              >
                🔨
              </div>
            </div>
            <div
              class="service-card-content"
            >
              <h3
                class="service-card-title"
              >
                Interior & Exterior Painting
              </h3>
              <p
                class="service-card-description"
              >
                Transform your home with professional painting services. From color consultation to final touch-ups, I ensure a flawless finish every time.
              </p>
              <div
                class="service-card-tags"
              >
                <span
                  class="service-tag"
                >
                  Color Consultation
                </span>
                <span
                  class="service-tag"
                >
                  Surface Preparation
                </span>
                <span
                  class="service-tag"
                >
                  Premium Paints
                </span>
                <span
                  class="service-tag"
                >
                  Clean Finish
                </span>
              </div>
            </div>
          </article>
          <article
            class="service-card"
          >
            <div
              class="service-card-image"
            >
              <img
                alt="General Handyman Work"
                src="/src/pictures/General-Handyman-Work.png"
              />
              <div
                class="service-card-icon"
              >
                🔨
              </div>
            </div>
            <div
              class="service-card-content"
            >
              <h3
                class="service-card-title"
              >
                General Handyman Work
              </h3>
              <p
                class="service-card-description"
              >
                Whatever needs fixing, building, or improving around your home. I've got the skills and tools to get the job done right.
              </p>
              <div
                class="service-card-tags"
              >
                <span
                  class="service-tag"
                >
                  Home Repairs
                </span>
                <span
                  class="service-tag"
                >
                  Home Maintenance
                </span>
                <span
                  class="service-tag"
                >
                  Assembly
                </span>
                <span
                  class="service-tag"
                >
                  Maintenance
                </span>
                <span
                  class="service-tag"
                >
                  Installations
                </span>
              </div>
            </div>
          </article>
          <article
            class="service-card"
          >
            <div
              class="service-card-image"
            >
              <img
                alt="Door & Window Repair"
                src="/src/pictures/Door-WindowRepair.png"
              />
              <div
                class="service-card-icon"
              >
                🔨
              </div>
            </div>
            <div
              class="service-card-content"
            >
              <h3
                class="service-card-title"
              >
                Door & Window Repair
              </h3>
              <p
                class="service-card-description"
              >
                Professional repair and installation of doors, windows, and frames to improve security and aesthetics.
              </p>
              <div
                class="service-card-tags"
              >
                <span
                  class="service-tag"
                >
                  Installation
                </span>
                <span
                  class="service-tag"
                >
                  Repairs
                </span>
                <span
                  class="service-tag"
                >
                  Home Maintenance
                </span>
              </div>
            </div>
          </article>
        </div>
      </div>
    </section>
  </div>
</div>
`;
